// Jest Snapshot v1, https://goo.gl/fbAQLP

exports[`CarouselSlide should render correctly 1`] = `
<figure>
  <CarouselSlide__DefaultImg
    imgHeight={500}
    src="https://example.com/default.jpg"
  />
  <figcaption>
    <strong>
      Description
    </strong>
     
    Attribution
  </figcaption>
</figure>
`;

exports[`Img should render correctly 1`] = `
<img
  className="igMjmr"
  src="https://example.com/default.jpg"
/>
`;
